https://github.com/sunknudsen/privacy-guides/blob/master/how-to-self-host-hardened-strongswan-ikev2-ipsec-vpn-server-for-ios-and-macos/README.md

root@firewall /etc/sysconfig/network-scripts # modprobe dummy

root@firewall /etc/sysconfig/network-scripts # ip link add strongswan0 type dummy

root@firewall /etc/sysconfig/network-scripts # ip link show strongswan0
29: strongswan0: <BROADCAST,NOARP> mtu 1500 qdisc noop state DOWN mode DEFAULT group default qlen 1000
    link/ether 9a:c8:f0:a7:3c:b6 brd ff:ff:ff:ff:ff:ff
root@firewall /etc/sysconfig/network-scripts # ifconfig strongswan0 hw ether C8:D7:4A:4E:47:50
root@firewall /etc/sysconfig/network-scripts # ip link show strongswan0
29: strongswan0: <BROADCAST,NOARP> mtu 1500 qdisc noop state DOWN mode DEFAULT group default qlen 1000
    link/ether c8:d7:4a:4e:47:50 brd ff:ff:ff:ff:ff:ff
root@firewall /etc/sysconfig/network-scripts # ip addr add 10.0.2.1/24 brd + dev strongswan0 label strongswan0:0
root@firewall /etc/sysconfig/network-scripts # ip link set dev strongswan0 up

root@firewall /etc/sysconfig/network-scripts # ifconfig
ens160: flags=4163<UP,BROADCAST,RUNNING,MULTICAST>  mtu 1500
        inet 10.222.111.2  netmask 255.255.255.0  broadcast 10.222.111.255
        inet6 fe80::9d82:c35f:c94:ec6b  prefixlen 64  scopeid 0x20<link>
        ether 00:0c:29:be:c1:97  txqueuelen 1000  (Ethernet)
        RX packets 10052101  bytes 5259542627 (4.8 GiB)
        RX errors 0  dropped 0  overruns 0  frame 0
        TX packets 8833368  bytes 1414753048 (1.3 GiB)
        TX errors 0  dropped 0 overruns 0  carrier 0  collisions 0

ens192: flags=4163<UP,BROADCAST,RUNNING,MULTICAST>  mtu 1500
        inet 10.11.13.121  netmask 255.255.254.0  broadcast 10.11.13.255
        inet6 fe80::dc84:bb4a:d303:86b3  prefixlen 64  scopeid 0x20<link>
        ether 00:0c:29:be:c1:a1  txqueuelen 1000  (Ethernet)
        RX packets 119406  bytes 21882065 (20.8 MiB)
        RX errors 0  dropped 72  overruns 0  frame 0
        TX packets 41  bytes 4835 (4.7 KiB)
        TX errors 0  dropped 0 overruns 0  carrier 0  collisions 0

ens224: flags=4163<UP,BROADCAST,RUNNING,MULTICAST>  mtu 1500
        inet 50.50.50.1  netmask 255.255.255.0  broadcast 50.50.50.255
        inet6 fe80::648c:3392:f56b:923a  prefixlen 64  scopeid 0x20<link>
        ether 00:0c:29:be:c1:ab  txqueuelen 1000  (Ethernet)
        RX packets 90389091  bytes 7286720803 (6.7 GiB)
        RX errors 0  dropped 142  overruns 0  frame 0
        TX packets 4937238  bytes 2189600352 (2.0 GiB)
        TX errors 0  dropped 0 overruns 0  carrier 0  collisions 0

lo: flags=73<UP,LOOPBACK,RUNNING>  mtu 65536
        inet 127.0.0.1  netmask 255.0.0.0
        inet6 ::1  prefixlen 128  scopeid 0x10<host>
        loop  txqueuelen 1000  (Local Loopback)
        RX packets 1016227  bytes 1012072892 (965.1 MiB)
        RX errors 0  dropped 0  overruns 0  frame 0
        TX packets 1016227  bytes 1012072892 (965.1 MiB)
        TX errors 0  dropped 0 overruns 0  carrier 0  collisions 0

strongswan0: flags=195<UP,BROADCAST,RUNNING,NOARP>  mtu 1500
        inet6 fe80::cad7:4aff:fe4e:4750  prefixlen 64  scopeid 0x20<link>
        ether c8:d7:4a:4e:47:50  txqueuelen 1000  (Ethernet)
        RX packets 0  bytes 0 (0.0 B)
        RX errors 0  dropped 0  overruns 0  frame 0
        TX packets 0  bytes 0 (0.0 B)
        TX errors 0  dropped 0 overruns 0  carrier 0  collisions 0

strongswan0:0: flags=195<UP,BROADCAST,RUNNING,NOARP>  mtu 1500
        inet 10.0.2.1  netmask 255.255.255.0  broadcast 10.0.2.255
        ether c8:d7:4a:4e:47:50  txqueuelen 1000  (Ethernet)

tun0: flags=4305<UP,POINTOPOINT,RUNNING,NOARP,MULTICAST>  mtu 1500
        inet 10.8.0.1  netmask 255.255.255.0  destination 10.8.0.1
        inet6 fe80::bae4:dd09:aa32:24a0  prefixlen 64  scopeid 0x20<link>
        unspec 00-00-00-00-00-00-00-00-00-00-00-00-00-00-00-00  txqueuelen 100  (UNSPEC)
        RX packets 1339  bytes 298091 (291.1 KiB)
        RX errors 0  dropped 0  overruns 0  frame 0
        TX packets 1259  bytes 394245 (385.0 KiB)
        TX errors 0  dropped 0 overruns 0  carrier 0  collisions 0

wg0: flags=209<UP,POINTOPOINT,RUNNING,NOARP>  mtu 1420
        inet 10.66.66.1  netmask 255.255.255.0  destination 10.66.66.1
        inet6 fd42:42:42::1  prefixlen 64  scopeid 0x0<global>
        inet6 fe80::637c:2f65:42c:c2a5  prefixlen 64  scopeid 0x20<link>
        unspec 00-00-00-00-00-00-00-00-00-00-00-00-00-00-00-00  txqueuelen 1000  (UNSPEC)
        RX packets 7523  bytes 1287944 (1.2 MiB)
        RX errors 0  dropped 0  overruns 0  frame 0
        TX packets 24906  bytes 29378240 (28.0 MiB)
        TX errors 0  dropped 21 overruns 0  carrier 0  collisions 0

root@firewall ~ # ip a show strongswan0

29: strongswan0: <BROADCAST,NOARP,UP,LOWER_UP> mtu 1500 [...] qlen 1000
    link/ether c8:d7:4a:4e:47:50 brd ff:ff:ff:ff:ff:ff
    inet 10.0.2.1/24 brd 10.0.2.255 scope global strongswan0:0
       valid_lft forever preferred_lft forever
    inet6 fe80::cad7:4aff:fe4e:4750/64 scope link 
       valid_lft forever preferred_lft forever


TO REMOVE
$ ip addr del 192.168.1.100/24 brd + dev eth0 label eth0:0
$ ip link delete eth0 type dummy
$ rmmod dummy
----------------------------------------------------------------------------------------------------DHCP
root@firewall ~ # cat /etc/dhcp/dhcpd.conf 
subnet 10.0.2.0 netmask 255.255.255.0 {
  range 10.0.2.10 10.0.2.199;
  option subnet-mask 255.255.255.0;
  default-lease-time 600;
  max-lease-time 7200;
}

# ignora questa subnet
subnet 10.66.66.0 netmask 255.255.255.0 {
}

# ignora questa subnet
subnet 10.11.12.0 netmask 255.255.254.0 {
}

# ignora questa subnet
subnet 10.8.0.0 netmask 255.255.255.0 {
}

# ignora questa subnet
subnet 50.50.50.0 netmask 255.255.255.0 {
}

# ignora questa subnet
subnet 10.222.111.0 netmask 255.255.255.0 {
}
--------------------------------------------------------------------------------Generate SSL cert with letsencrypt
root@firewall /etc/strongswan # certbot certonly --rsa-key-size 4096 --standalone --agree-tos --no-eff-email --email filippo.visconti23@gmail.com -d firewall.filippovisconti.com

Saving debug log to /var/log/letsencrypt/letsencrypt.log
Plugins selected: Authenticator standalone, Installer None
Starting new HTTPS connection (1): acme-v02.api.letsencrypt.org
Requesting a certificate for firewall.filippovisconti.com
Performing the following challenges:
http-01 challenge for firewall.filippovisconti.com
Waiting for verification...
Cleaning up challenges

IMPORTANT NOTES:
 - Congratulations! Your certificate and chain have been saved at:
   /etc/letsencrypt/live/firewall.filippovisconti.com/fullchain.pem
   Your key file has been saved at:
   /etc/letsencrypt/live/firewall.filippovisconti.com/privkey.pem
   Your certificate will expire on 2022-09-17. To obtain a new or
   tweaked version of this certificate in the future, simply run
   certbot again. To non-interactively renew *all* of your
   certificates, run "certbot renew"


cp /etc/letsencrypt/live/firewall.filippovisconti.com/fullchain.pem /etc/strongswan/ipsec.d/certs/ #server.crt
cp /etc/letsencrypt/live/firewall.filippovisconti.com/privkey.pem /etc/strongswan/ipsec.d/private/ #server.key
cp /etc/letsencrypt/live/firewall.filippovisconti.com/chain.pem /etc/strongswan/ipsec.d/cacerts/ #ca.crt

tree /etc/strongswan/ipsec.d/

cd /etc/strongswan/
mv ipsec.conf ipsec.conf.backup

vim ipsec.secrets and add
: RSA "privkey.pem"

--------------------------------------------------------------------------------IPv4 configuration of IPSec
Create a new IPSec VPN tunnel connection named 'strongswanVPN'.
Specify the IKEv2 and ESP cipher suites for authentication.
The 'left' server configuration using a domain name 'firewall.filippovisconti.com' and using the letsencrypt certificate 'fullchain.pem' located at the '/etc/strongswan/ipsec.d/certs' directory.
The 'right' clients/remote setup with the EAP authentication method 'eap-mschapv2', assign ip addresses via dhcp to all connected clients, and using google public DNS.

vi /etc/strongswan/ipsec.conf
config setup
  charondebug="ike 1, knl 1, cfg 1"
  uniqueids=no

conn strongswanVPN
  auto=add
  compress=no
  type=tunnel
  keyexchange=ikev2
  fragmentation=yes
  forceencaps=yes
  ike=aes256-sha256-modp2048,aes128-sha256-modp2048,aes256-sha1-modp2048,aes128-sha1-modp2048,aes256gcm16-prfsha512-ecp384!
  esp=aes256-sha256-modp2048,aes128-sha256-modp2048,aes256-sha1-modp2048,aes128-sha1-modp2048,aes256gcm16-ecp384!
  dpdaction=clear
  dpddelay=300s
  rekey=no
  left=%any
  leftid=@firewall.filippovisconti.com
  leftcert=fullchain.pem
  leftsendcert=always
  leftsubnet=0.0.0.0/0
  leftfirewall = yes   
  rightfirewall = yes 
  right=%any
  rightid=%any
  rightauth=eap-tls
  rightdns=8.8.8.8
  rightsourceip=%dhcp
  rightsendcert=never
  eap_identity=%identity


--------------------------------------------------------------------------------------other tries
  config setup
    charondebug="ike 1, knl 1, cfg 0"
    uniqueids=no

#define new ipsec connection
conn hakase-vpn
    auto=add
    compress=no
    type=tunnel
    keyexchange=ikev2
    ike=aes128-sha1-modp1024,aes128-sha1-modp1536,aes128-sha1-modp2048,aes128-sha256-ecp256,aes128-sha256-modp1024,aes128-sha256-modp1536,aes128-sha256-modp2048,aes256-aes128-sha256-sha1-modp2048-modp4096-modp1024,aes256-sha1-modp1024,aes256-sha256-modp1024,aes256-sha256-modp1536,aes256-sha256-modp2048,aes256-sha256-modp4096,aes256-sha384-ecp384,aes256-sha384-modp1024,aes256-sha384-modp1536,aes256-sha384-modp2048,aes256-sha384-modp4096,aes256gcm16-aes256gcm12-aes128gcm16-aes128gcm12-sha256-sha1-modp2048-modp4096-modp1024,3des-sha1-modp1024!
    esp=aes128-aes256-sha1-sha256-modp2048-modp4096-modp1024,aes128-sha1,aes128-sha1-modp1024,aes128-sha1-modp1536,aes128-sha1-modp2048,aes128-sha256,aes128-sha256-ecp256,aes128-sha256-modp1024,aes128-sha256-modp1536,aes128-sha256-modp2048,aes128gcm12-aes128gcm16-aes256gcm12-aes256gcm16-modp2048-modp4096-modp1024,aes128gcm16,aes128gcm16-ecp256,aes256-sha1,aes256-sha256,aes256-sha256-modp1024,aes256-sha256-modp1536,aes256-sha256-modp2048,aes256-sha256-modp4096,aes256-sha384,aes256-sha384-ecp384,aes256-sha384-modp1024,aes256-sha384-modp1536,aes256-sha384-modp2048,aes256-sha384-modp4096,aes256gcm16,aes256gcm16-ecp384,3des-sha1!
    fragmentation=yes
    forceencaps=yes
    dpdaction=clear
    dpddelay=300s
    rekey=no
    left=%any
    leftid=@firewall.filippovisconti.com
    leftcert=fullchain.pem
    leftsendcert=always
    leftsubnet=0.0.0.0/0
    right=%any
    rightid=%any
    rightauth=eap-mschapv2
    rightsourceip=10.15.1.0/24
    rightdns=1.1.1.1,8.8.8.8
    rightsendcert=never
    eap_identity=%identity

conn strongswanVPN
  auto=add
  compress=no
  type=tunnel
  keyexchange=ikev2
  fragmentation=yes
  forceencaps=yes
  ike=aes256gcm16-prfsha512-ecp384!
  esp=aes256gcm16-ecp384!
  dpdaction=clear
  dpddelay=300s
  rekey=no
  left=%any
  leftid=@firewall.filippovisconti.com
  leftcert=server.crt
  leftsendcert=always
  leftsubnet=0.0.0.0/0
  right=%any
  rightid=%any
  rightauth=eap-tls
  rightdns=$STRONGSWAN_DNS_NAMESERVERS
  rightsourceip=%dhcp
  rightsendcert=never
  eap_identity=%identity
--------------------------------------------------------------------------------------END


cp /etc/strongswan/strongswan.d/charon-logging.conf /etc/strongswan/strongswan.d/charon-logging.conf.backup
cat << "EOF" > /etc/strongswan/strongswan.d/charon-logging.conf
charon {
  filelog {
    charon {
      default = 1
    }
  }
  syslog {
    auth {
      default = 1
    }
  }
}
EOF

cp /etc/strongswan/strongswan.d/charon/dhcp.conf /etc/strongswan/strongswan.d/charon/dhcp.conf.backup
cat << "EOF" > /etc/strongswan/strongswan.d/charon/dhcp.conf
dhcp {
  force_server_address = yes
  identity_lease = yes
  interface = strongswan0
  load = yes
  server = 10.0.2.1
}
EOF


sed -i 's/After=syslog.target network-online.target/After=syslog.target dhcpd.service/' /lib/systemd/system/strongswan.service
systemctl daemon-reload


cat << EOF > openssl.cnf
[ req ]
distinguished_name = req_distinguished_name
attributes = req_attributes
[ req_distinguished_name ]
countryName = IT
countryName_min = 2
countryName_max = 2
countryName_default = US
0.organizationName = Filippo Visconti
0.organizationName_default = strongSwan VPN
commonName = firewall.filippovisconti.com
commonName_max = 64
[ req_attributes ]
challengePassword = XcrVrzH0AdMBX
challengePassword_min = 4
challengePassword_max = 20
[ ca ]
subjectKeyIdentifier = hash
basicConstraints = critical, CA:true
keyUsage = critical, cRLSign, keyCertSign
[ server ]
authorityKeyIdentifier = keyid
subjectAltName = DNS:firewall.filippovisconti.com
extendedKeyUsage = serverAuth, 1.3.6.1.5.5.8.2.2
[ client ]
authorityKeyIdentifier = keyid
subjectAltName = email:$STRONGSWAN_CLIENT_NAME@firewall.filippovisconti.com
extendedKeyUsage = serverAuth, 1.3.6.1.5.5.8.2.2
EOF


openssl req -x509 -new -nodes -config openssl.cnf -extensions ca -key ca.key -subj "/C=US/O=strongSwan VPN/CN=firewall.filippovisconti.com" -days 3650 -out ca.crt

openssl req -new -config openssl.cnf -extensions server -key server.key -subj "/C=US/O=strongSwan VPN/CN=firewall.filippovisconti.com" -out server.csr

openssl req -new -config openssl.cnf -extensions client -key $STRONGSWAN_CLIENT_NAME.key -subj "/C=US/O=strongSwan VPN/CN=$STRONGSWAN_CLIENT_NAME@firewall.filippovisconti.com" -out $STRONGSWAN_CLIENT_NAME.csr

--------------------------------------------------------------------------------------END

$ openssl genrsa -out $STRONGSWAN_CLIENT_NAME.key 4096

$ openssl req -new -config openssl.cnf -extensions client -key $STRONGSWAN_CLIENT_NAME.key -subj "/C=US/O=Self-hosted strongSwan VPN/CN=$STRONGSWAN_CLIENT_NAME@firewall.filippovisconti.com" -out $STRONGSWAN_CLIENT_NAME.csr

$ openssl x509 -req -extfile openssl.cnf -extensions client -in $STRONGSWAN_CLIENT_NAME.csr -CA ca.crt -CAkey ca.key -CAcreateserial -days 3650 -out $STRONGSWAN_CLIENT_NAME.crt

$ openssl pkcs12 -in $STRONGSWAN_CLIENT_NAME.crt -inkey $STRONGSWAN_CLIENT_NAME.key -certfile ca.crt -export -out $STRONGSWAN_CLIENT_NAME.p12
--------------------------------------------------------------------------------------END


`privkey.pem`  : the private key for your certificate.
`fullchain.pem`: the certificate file used in most server software.
`chain.pem`    : used for OCSP stapling in Nginx >=1.3.7.
`cert.pem`     : will break many server configurations, and should not be used
                 without reading further documentation (see link below).

$ openssl genrsa -out $STRONGSWAN_CLIENT_NAME.key 4096

$ openssl req -new -config openssl.cnf -extensions client -key $STRONGSWAN_CLIENT_NAME.key -subj "/C=US/O=strongSwan VPN/CN=$STRONGSWAN_CLIENT_NAME@firewall.filippovisconti.com" -out $STRONGSWAN_CLIENT_NAME.csr

$ openssl x509 -req -extfile openssl.cnf -extensions client -in $STRONGSWAN_CLIENT_NAME.csr -CA fullchain.pem -CAkey privkey.pem -CAcreateserial -days 3650 -out $STRONGSWAN_CLIENT_NAME.crt

$ openssl pkcs12 -in $STRONGSWAN_CLIENT_NAME.crt -inkey $STRONGSWAN_CLIENT_NAME.key -certfile fullchain.pem -export -out $STRONGSWAN_CLIENT_NAME.p12


--------------------------------------------------------------------------------------END

When asked for export password, use output from 
    openssl rand -base64 24 
(and store password in password manager).


# iperf3 client TCP
iptables -A OUTPUT -p tcp --dport 5201 -o ens224 -m state --state NEW,ESTABLISHED -j ACCEPT
iptables -A INPUT  -p tcp --sport 5201 -i ens224 -m state --state NEW,ESTABLISHED -j ACCEPT

# iperf3 client UDP
iptables -A OUTPUT -p udp --dport 5201 -o ens224 -j ACCEPT
iptables -A INPUT  -p udp --sport 5201 -i ens224 -j ACCEPT


PostUp = 
	iptables -A INPUT  -p udp --dport 62873 -i ens160 -j ACCEPT; 
	iptables -A OUTPUT  -p udp --sport 62873 -o ens160 -j ACCEPT;
	iptables -A FORWARD -i ens160 -o wg0 -j ACCEPT; 
	iptables -A FORWARD -i wg0 -j ACCEPT; 
	iptables -t nat -A POSTROUTING -o ens160 -j MASQUERADE; 
	iptables -t nat -A POSTROUTING -s 10.66.66.0/24 -o wg0 -j MASQUERADE; 
	ip6tables -A FORWARD -i wg0 -j ACCEPT; 
	ip6tables -t nat -A POSTROUTING -o ens160 -j MASQUERADE;

PostDown = 
	iptables -D INPUT -p udp --dport 62873 -i ens160 -j ACCEPT; 
	iptables -D OUTPUT  -p udp --sport 62873 -o ens160 -j ACCEPT;
	iptables -D FORWARD -i ens160 -o wg0 -j ACCEPT; 
	iptables -D FORWARD -i wg0 -j ACCEPT; 
	iptables -t nat -D POSTROUTING -o ens160 -j MASQUERADE; 
	iptables -t nat -D POSTROUTING -s 10.66.66.0/24 -o wg0 -j MASQUERADE; 
	ip6tables -D FORWARD -i wg0 -j ACCEPT; 
	ip6tables -t nat -D POSTROUTING -o ens160 -j MASQUERADE; 

PostUp = 
	ip6tables -A FORWARD -i wg0 -j ACCEPT; ip6tables -t nat -A POSTROUTING -o ens160 -j MASQUERADE;

PostDown = 
	ip6tables -D FORWARD -i wg0 -j ACCEPT; 
	ip6tables -t nat -D POSTROUTING -o ens160 -j MASQUERADE; 


wg-quick@wg0 ; systemctl status wg-quick@wg0 -l